src/偶像大师闪耀色彩-重构/战斗/引擎-NG/ActionExecutor.ts(650,3): error TS1128: Declaration or statement expected.
